A51 MACRO ASSEMBLER  CONTADOR                                                             09/14/2020 15:31:04 PAGE     1


MACRO ASSEMBLER A51 V8.2.7.0
OBJECT MODULE PLACED IN .\Objects\Contador.obj
ASSEMBLER INVOKED BY: C:\Keil_v5\C51\BIN\A51.EXE Contador.asm SET(SMALL) DEBUG PRINT(.\Listings\Contador.lst) OBJECT(.\O
                      bjects\Contador.obj) EP

LOC  OBJ            LINE     SOURCE

                       1     ;Comtador-crescente/decrecente com uC8051
                       2     ;02/09/2020-TDM2
                       3     
0000                   4             org 0000h             ;capacidade memoria 4bits
0000                   5     ini:                    
0000 7400              6             mov a,#00h            ;zerando o acomulador 
                       7     
0002                   8     volta:
0002 F590              9             mov p1,a              ;mover acomulador para p1
0004 2401             10                     add a,#01h            ;incrementar acomulador 
0006 D4               11             da a  
0007 B460F8           12             cjne a,#60H,volta     ;compara e salta acomulador
                      13                     
000A 80F4             14                     jmp ini               ;recomeçar novamente  
                      15                     end                   ;fim
                                       
A51 MACRO ASSEMBLER  CONTADOR                                                             09/14/2020 15:31:04 PAGE     2

SYMBOL TABLE LISTING
------ ----- -------


N A M E             T Y P E  V A L U E   ATTRIBUTES

INI. . . . . . . .  C ADDR   0000H   A   
P1 . . . . . . . .  D ADDR   0090H   A   
VOLTA. . . . . . .  C ADDR   0002H   A   


REGISTER BANK(S) USED: 0 


ASSEMBLY COMPLETE.  0 WARNING(S), 0 ERROR(S)
